START fillrandom-192-simplify-mcs_accordin-r1
DONE {"id": "fillrandom-192-simplify-mcs_accordin-r1", "valid": true, "operations": 1675740, "roi_seconds": 30.00197, "ops_per_second": 55854.332, "max_process_threads": 194}
START fillrandom-192-fullhook-admission-mcs_tas_accordin-r1
DONE {"id": "fillrandom-192-fullhook-admission-mcs_tas_accordin-r1", "valid": true, "operations": 4301413, "roi_seconds": 30.012066, "ops_per_second": 143322.789, "max_process_threads": 194}
START fillrandom-192-simplify-mcs_tas_accordin-r1
DONE {"id": "fillrandom-192-simplify-mcs_tas_accordin-r1", "valid": true, "operations": 1725681, "roi_seconds": 30.002275, "ops_per_second": 57518.338, "max_process_threads": 194}
START readrandom-192-simplify-mcs_accordin-r2
DONE {"id": "readrandom-192-simplify-mcs_accordin-r2", "valid": true, "operations": 17434389, "roi_seconds": 30.009615, "ops_per_second": 580960.102, "max_process_threads": 193}
START readrandom-192-fullhook-admission-mcs_tas_accordin-r2
DONE {"id": "readrandom-192-fullhook-admission-mcs_tas_accordin-r2", "valid": true, "operations": 20109633, "roi_seconds": 30.00697, "ops_per_second": 670165.398, "max_process_threads": 193}
START readrandom-192-simplify-mcs_tas_accordin-r2
DONE {"id": "readrandom-192-simplify-mcs_tas_accordin-r2", "valid": true, "operations": 28547598, "roi_seconds": 30.00935, "ops_per_second": 951290.115, "max_process_threads": 193}
START readrandom-192-fullhook-admission-mcs_accordin-r2
DONE {"id": "readrandom-192-fullhook-admission-mcs_accordin-r2", "valid": true, "operations": 18196002, "roi_seconds": 30.002481, "ops_per_second": 606483.244, "max_process_threads": 193}
START fillrandom-192-simplify-mcs_accordin-r2
DONE {"id": "fillrandom-192-simplify-mcs_accordin-r2", "valid": true, "operations": 1459446, "roi_seconds": 30.05824, "ops_per_second": 48553.941, "max_process_threads": 194}
START fillrandom-192-fullhook-admission-mcs_tas_accordin-r2
DONE {"id": "fillrandom-192-fullhook-admission-mcs_tas_accordin-r2", "valid": true, "operations": 4454037, "roi_seconds": 30.007356, "ops_per_second": 148431.505, "max_process_threads": 194}
START fillrandom-192-simplify-mcs_tas_accordin-r2
DONE {"id": "fillrandom-192-simplify-mcs_tas_accordin-r2", "valid": true, "operations": 1475071, "roi_seconds": 30.037718, "ops_per_second": 49107.292, "max_process_threads": 194}
START fillrandom-192-fullhook-admission-mcs_accordin-r2
DONE {"id": "fillrandom-192-fullhook-admission-mcs_accordin-r2", "valid": true, "operations": 3644775, "roi_seconds": 30.008237, "ops_per_second": 121459.151, "max_process_threads": 194}
START readrandom-192-fullhook-admission-mcs_tas_accordin-r3
DONE {"id": "readrandom-192-fullhook-admission-mcs_tas_accordin-r3", "valid": true, "operations": 19933224, "roi_seconds": 30.008231, "ops_per_second": 664258.55, "max_process_threads": 193}
START readrandom-192-simplify-mcs_tas_accordin-r3
DONE {"id": "readrandom-192-simplify-mcs_tas_accordin-r3", "valid": true, "operations": 29174336, "roi_seconds": 30.007093, "ops_per_second": 972247.995, "max_process_threads": 193}
START readrandom-192-fullhook-admission-mcs_accordin-r3
DONE {"id": "readrandom-192-fullhook-admission-mcs_accordin-r3", "valid": true, "operations": 18191009, "roi_seconds": 30.020572, "ops_per_second": 605951.446, "max_process_threads": 193}
START readrandom-192-simplify-mcs_accordin-r3
DONE {"id": "readrandom-192-simplify-mcs_accordin-r3", "valid": true, "operations": 18808974, "roi_seconds": 30.013036, "ops_per_second": 626693.481, "max_process_threads": 193}
START fillrandom-192-fullhook-admission-mcs_tas_accordin-r3
DONE {"id": "fillrandom-192-fullhook-admission-mcs_tas_accordin-r3", "valid": true, "operations": 4388196, "roi_seconds": 30.007962, "ops_per_second": 146234.389, "max_process_threads": 194}
START fillrandom-192-simplify-mcs_tas_accordin-r3
DONE {"id": "fillrandom-192-simplify-mcs_tas_accordin-r3", "valid": true, "operations": 1466107, "roi_seconds": 30.029017, "ops_per_second": 48823.01, "max_process_threads": 194}
START fillrandom-192-fullhook-admission-mcs_accordin-r3
DONE {"id": "fillrandom-192-fullhook-admission-mcs_accordin-r3", "valid": false, "max_process_threads": 194}
INVALID retained fillrandom-192-fullhook-admission-mcs_accordin-r3: /tmp/accordin-leveldb-branches-resume-efx5e9qm/fillrandom-fullhook-admission-mcs_accordin-r3
START fillrandom-192-simplify-mcs_accordin-r3
DONE {"id": "fillrandom-192-simplify-mcs_accordin-r3", "valid": true, "operations": 1573937, "roi_seconds": 30.002266, "ops_per_second": 52460.604, "max_process_threads": 194}
SUMMARY [{"benchmark": "readrandom", "backend": "mcs_accordin", "branch": "fullhook-admission", "commit": "4e5998e21c458e9b162855ef3c3d5c7e42b42ebb", "attempts": 3, "n": 3, "timeouts": 0, "complete": true, "mean_ops_per_second": 607299.8916666666, "stdev": 1893.7856623003436, "cv_percent": 0.3118369833893862, "relative_to_simplify": 1.0195403690377194, "runs_ops_per_second": [609464.985, 606483.244, 605951.446], "failed_ids": []}, {"benchmark": "readrandom", "backend": "mcs_accordin", "branch": "simplify", "commit": "8fc18994aa51f27b91bf6b490a575a309add8da3", "attempts": 3, "n": 3, "timeouts": 0, "complete": true, "mean_ops_per_second": 595660.4663333333, "stdev": 26887.768387737426, "cv_percent": 4.513942070597473, "relative_to_simplify": 1.0, "runs_ops_per_second": [579327.816, 580960.102, 626693.481], "failed_ids": []}, {"benchmark": "readrandom", "backend": "mcs_tas_accordin", "branch": "fullhook-admission", "commit": "4e5998e21c458e9b162855ef3c3d5c7e42b42ebb", "attempts": 3, "n": 3, "timeouts": 0, "complete": true, "mean_ops_per_second": 661381.9693333333, "stdev": 10520.911394163639, "cv_percent": 1.5907466308415719, "relative_to_simplify": 0.6961027066197959, "runs_ops_per_second": [649721.96, 670165.398, 664258.55], "failed_ids": []}, {"benchmark": "readrandom", "backend": "mcs_tas_accordin", "branch": "simplify", "commit": "8fc18994aa51f27b91bf6b490a575a309add8da3", "attempts": 3, "n": 3, "timeouts": 0, "complete": true, "mean_ops_per_second": 950121.2436666667, "stdev": 22733.735066952464, "cv_percent": 2.3927193732896046, "relative_to_simplify": 1.0, "runs_ops_per_second": [926825.621, 951290.115, 972247.995], "failed_ids": []}, {"benchmark": "fillrandom", "backend": "mcs_accordin", "branch": "fullhook-admission", "commit": "4e5998e21c458e9b162855ef3c3d5c7e42b42ebb", "attempts": 3, "n": 1, "timeouts": 2, "complete": false, "mean_ops_per_second": 121459.151, "stdev": null, "cv_percent": null, "relative_to_simplify": null, "runs_ops_per_second": [null, 121459.151, null], "failed_ids": ["fillrandom-192-fullhook-admission-mcs_accordin-r1", "fillrandom-192-fullhook-admission-mcs_accordin-r3"]}, {"benchmark": "fillrandom", "backend": "mcs_accordin", "branch": "simplify", "commit": "8fc18994aa51f27b91bf6b490a575a309add8da3", "attempts": 3, "n": 3, "timeouts": 0, "complete": true, "mean_ops_per_second": 52289.62566666667, "stdev": 3653.1975557136716, "cv_percent": 6.9864672181856795, "relative_to_simplify": 1.0, "runs_ops_per_second": [55854.332, 48553.941, 52460.604], "failed_ids": []}, {"benchmark": "fillrandom", "backend": "mcs_tas_accordin", "branch": "fullhook-admission", "commit": "4e5998e21c458e9b162855ef3c3d5c7e42b42ebb", "attempts": 3, "n": 3, "timeouts": 0, "complete": true, "mean_ops_per_second": 145996.22766666667, "stdev": 2562.671537221532, "cv_percent": 1.7552998308096917, "relative_to_simplify": 2.817578095247408, "runs_ops_per_second": [143322.789, 148431.505, 146234.389], "failed_ids": []}, {"benchmark": "fillrandom", "backend": "mcs_tas_accordin", "branch": "simplify", "commit": "8fc18994aa51f27b91bf6b490a575a309add8da3", "attempts": 3, "n": 3, "timeouts": 0, "complete": true, "mean_ops_per_second": 51816.21333333333, "stdev": 4940.230090748541, "cv_percent": 9.534139553903865, "relative_to_simplify": 1.0, "runs_ops_per_second": [57518.338, 49107.292, 48823.01], "failed_ids": []}]
