START barrier-baseline-mcs_accordin-r1
{"id": "barrier-baseline-mcs_accordin-r1", "variant": "baseline", "backend": "mcs_accordin", "threads": 192, "returncode": 0, "timeout": false, "wall": 1.975533876568079, "seconds": 1.598702352, "seq_before": "737", "seq_after": "738", "scx_observed": true, "maps": ["/mnt/sde/jz/accordin/target/cond-relock-20260905/baseline/libmcs_accordin_direct.so", "/mnt/sde/jz/accordin/target/cond-relock-20260905/baseline/libmcsaccordin_original.so"], "valid": true}
START barrier-baseline-mcs_tas_accordin-r1
{"id": "barrier-baseline-mcs_tas_accordin-r1", "variant": "baseline", "backend": "mcs_tas_accordin", "threads": 192, "returncode": 0, "timeout": false, "wall": 1.7813251912593842, "seconds": 1.444120672, "seq_before": "738", "seq_after": "739", "scx_observed": true, "maps": ["/mnt/sde/jz/accordin/target/cond-relock-20260905/baseline/libmcs_tas_accordin_direct.so", "/mnt/sde/jz/accordin/target/cond-relock-20260905/baseline/libmcstasaccordin_original.so"], "valid": true}
START barrier-relock-mcs_accordin-r1
{"id": "barrier-relock-mcs_accordin-r1", "variant": "relock", "backend": "mcs_accordin", "threads": 192, "returncode": 0, "timeout": false, "wall": 0.7119712010025978, "seconds": 0.342822978, "seq_before": "739", "seq_after": "740", "scx_observed": true, "maps": ["/mnt/sde/jz/accordin/target/release/libmcs_accordin_direct.so", "/mnt/sde/jz/accordin/third_party/litl/lib/libmcsaccordin_original.so"], "valid": true}
START barrier-relock-mcs_tas_accordin-r1
{"id": "barrier-relock-mcs_tas_accordin-r1", "variant": "relock", "backend": "mcs_tas_accordin", "threads": 192, "returncode": 0, "timeout": false, "wall": 0.7223980203270912, "seconds": 0.361969551, "seq_before": "740", "seq_after": "741", "scx_observed": true, "maps": ["/mnt/sde/jz/accordin/target/release/libmcs_tas_accordin_direct.so", "/mnt/sde/jz/accordin/third_party/litl/lib/libmcstasaccordin_original.so"], "valid": true}
START barrier-baseline-flexguard-r1
{"id": "barrier-baseline-flexguard-r1", "variant": "baseline", "backend": "flexguard", "threads": 192, "returncode": 0, "timeout": false, "wall": 0.9284024368971586, "seconds": 0.797956154, "seq_before": "741", "seq_after": "741", "scx_observed": false, "maps": ["/mnt/sde/jz/accordin/target/flexguard-suite-20260905/fg/interpose.so"], "valid": true}
START barrier-baseline-mcs_accordin-r2
{"id": "barrier-baseline-mcs_accordin-r2", "variant": "baseline", "backend": "mcs_accordin", "threads": 192, "returncode": 0, "timeout": false, "wall": 2.082729609683156, "seconds": 1.727689048, "seq_before": "741", "seq_after": "742", "scx_observed": true, "maps": ["/mnt/sde/jz/accordin/target/cond-relock-20260905/baseline/libmcs_accordin_direct.so", "/mnt/sde/jz/accordin/target/cond-relock-20260905/baseline/libmcsaccordin_original.so"], "valid": true}
START barrier-baseline-mcs_tas_accordin-r2
{"id": "barrier-baseline-mcs_tas_accordin-r2", "variant": "baseline", "backend": "mcs_tas_accordin", "threads": 192, "returncode": 0, "timeout": false, "wall": 1.7953056693077087, "seconds": 1.425459575, "seq_before": "742", "seq_after": "743", "scx_observed": true, "maps": ["/mnt/sde/jz/accordin/target/cond-relock-20260905/baseline/libmcs_tas_accordin_direct.so", "/mnt/sde/jz/accordin/target/cond-relock-20260905/baseline/libmcstasaccordin_original.so"], "valid": true}
START barrier-relock-mcs_accordin-r2
{"id": "barrier-relock-mcs_accordin-r2", "variant": "relock", "backend": "mcs_accordin", "threads": 192, "returncode": 0, "timeout": false, "wall": 0.8165362719446421, "seconds": 0.479057368, "seq_before": "743", "seq_after": "744", "scx_observed": true, "maps": ["/mnt/sde/jz/accordin/target/release/libmcs_accordin_direct.so", "/mnt/sde/jz/accordin/third_party/litl/lib/libmcsaccordin_original.so"], "valid": true}
START barrier-relock-mcs_tas_accordin-r2
{"id": "barrier-relock-mcs_tas_accordin-r2", "variant": "relock", "backend": "mcs_tas_accordin", "threads": 192, "returncode": 0, "timeout": false, "wall": 0.9998139385133982, "seconds": 0.666894583, "seq_before": "744", "seq_after": "745", "scx_observed": true, "maps": ["/mnt/sde/jz/accordin/target/release/libmcs_tas_accordin_direct.so", "/mnt/sde/jz/accordin/third_party/litl/lib/libmcstasaccordin_original.so"], "valid": true}
START barrier-baseline-flexguard-r2
{"id": "barrier-baseline-flexguard-r2", "variant": "baseline", "backend": "flexguard", "threads": 192, "returncode": 0, "timeout": false, "wall": 0.879338389262557, "seconds": 0.725522399, "seq_before": "745", "seq_after": "745", "scx_observed": false, "maps": ["/mnt/sde/jz/accordin/target/flexguard-suite-20260905/fg/interpose.so"], "valid": true}
START barrier-baseline-mcs_accordin-r3
{"id": "barrier-baseline-mcs_accordin-r3", "variant": "baseline", "backend": "mcs_accordin", "threads": 192, "returncode": 0, "timeout": false, "wall": 1.9057726487517357, "seconds": 1.560609892, "seq_before": "745", "seq_after": "746", "scx_observed": true, "maps": ["/mnt/sde/jz/accordin/target/cond-relock-20260905/baseline/libmcs_accordin_direct.so", "/mnt/sde/jz/accordin/target/cond-relock-20260905/baseline/libmcsaccordin_original.so"], "valid": true}
START barrier-baseline-mcs_tas_accordin-r3
{"id": "barrier-baseline-mcs_tas_accordin-r3", "variant": "baseline", "backend": "mcs_tas_accordin", "threads": 192, "returncode": 0, "timeout": false, "wall": 1.716519359499216, "seconds": 1.345054297, "seq_before": "746", "seq_after": "747", "scx_observed": true, "maps": ["/mnt/sde/jz/accordin/target/cond-relock-20260905/baseline/libmcs_tas_accordin_direct.so", "/mnt/sde/jz/accordin/target/cond-relock-20260905/baseline/libmcstasaccordin_original.so"], "valid": true}
START barrier-relock-mcs_accordin-r3
{"id": "barrier-relock-mcs_accordin-r3", "variant": "relock", "backend": "mcs_accordin", "threads": 192, "returncode": 0, "timeout": false, "wall": 0.7120070215314627, "seconds": 0.358311003, "seq_before": "747", "seq_after": "748", "scx_observed": true, "maps": ["/mnt/sde/jz/accordin/target/release/libmcs_accordin_direct.so", "/mnt/sde/jz/accordin/third_party/litl/lib/libmcsaccordin_original.so"], "valid": true}
START barrier-relock-mcs_tas_accordin-r3
{"id": "barrier-relock-mcs_tas_accordin-r3", "variant": "relock", "backend": "mcs_tas_accordin", "threads": 192, "returncode": 0, "timeout": false, "wall": 0.7139897346496582, "seconds": 0.359418161, "seq_before": "748", "seq_after": "749", "scx_observed": true, "maps": ["/mnt/sde/jz/accordin/target/release/libmcs_tas_accordin_direct.so", "/mnt/sde/jz/accordin/third_party/litl/lib/libmcstasaccordin_original.so"], "valid": true}
START barrier-baseline-flexguard-r3
{"id": "barrier-baseline-flexguard-r3", "variant": "baseline", "backend": "flexguard", "threads": 192, "returncode": 0, "timeout": false, "wall": 0.698556924238801, "seconds": 0.565753661, "seq_before": "749", "seq_after": "749", "scx_observed": false, "maps": ["/mnt/sde/jz/accordin/target/flexguard-suite-20260905/fg/interpose.so"], "valid": true}
