Using LibMCS-Accordin with waiting WAITING_ORIGINAL
Function(s) ^std::(move|forward|as_const|(__)?addressof) will be skipped when stepping.
Function(s) ^std::(shared|unique)_ptr<.*>::(get|operator) will be skipped when stepping.
Function(s) ^std::(basic_string|vector|array|deque|(forward_)?list|(unordered_|flat_)?(multi)?(map|set)|span)<.*>::(c?r?(begin|end)|front|back|data|size|empty) will be skipped when stepping.
Function(s) ^std::(basic_string|vector|array|deque|span)<.*>::operator.] will be skipped when stepping.
[Thread debugging using libthread_db enabled]
Using host libthread_db library "/lib/aarch64-linux-gnu/libthread_db.so.1".
Using LibMCS-Accordin with waiting WAITING_ORIGINAL
Time-based benchmark selected - changing key space to +inf
Environment:
	Time: Sat Sep  5 12:24:33 2026
	CPU: 0 * 
	CPU Cache: 
	Kernel: Linux 6.14.0-37-generic
Benchmark Options:
	Target: /mnt/sde/jz/accordin/target/flexguard-suite-20260905/btreelc_mutex.so
	# Records: 1000000
	# Threads: 1
	Duration (s): 1
	Sampling: 1000 ms
	Latency: 0
	Key prefix: 
	Key size: 8
	Value size: 8
	Random seed: 1729
	Key distribution: SELFSIMILAR(0.200000)
	Scan size: 100
	Operations ratio:
		Read: 0
		Insert: 0
		Update: 1
		Delete: 0
		Scan: 0
========================================
BTree with lock coupling.
Lock impl: STD Mutex Lock
Lock size: 48
Page size (bytes): 256
Max #entries: Leaf: 11, Inner: 11
Using top-down lock coupling for SMOs.
========================================
Loading started.
Bulk loading...

Program received signal SIGABRT, Aborted.
__pthread_kill_implementation (threadid=281474842185760, signo=signo@entry=6, no_tid=no_tid@entry=0) at ./nptl/pthread_kill.c:44
warning: 44	./nptl/pthread_kill.c: No such file or directory
#0  __pthread_kill_implementation (threadid=281474842185760, signo=signo@entry=6, no_tid=no_tid@entry=0) at ./nptl/pthread_kill.c:44
#1  0x0000fffff79fa528 in __pthread_kill_internal (threadid=<optimized out>, signo=6) at ./nptl/pthread_kill.c:89
#2  0x0000fffff79a76c0 in __GI_raise (sig=sig@entry=6) at ../sysdeps/posix/raise.c:26
#3  0x0000fffff7991ac8 in __GI_abort () at ./stdlib/abort.c:73
#4  0x0000fffff7851c1c in mcs_accordin_direct_mutex_lock (mutex=0xaaaaaab63d40) at src/direct.c:58
#5  0x0000fffff7653330 in btreeolc::BTreeLC<unsigned long, unsigned long>::insertPessimistically(unsigned long, unsigned long) () from /mnt/sde/jz/accordin/target/flexguard-suite-20260905/btreelc_mutex.so
#6  0x0000fffff7652f68 in btreeolc_wrapper::bulk_load(char const*, unsigned long, unsigned long, unsigned long) () from /mnt/sde/jz/accordin/target/flexguard-suite-20260905/btreelc_mutex.so
#7  0x0000aaaaaaad5490 in PiBench::benchmark_t::load() ()
#8  0x0000aaaaaaaab464 in main ()
